<html>
<head><meta charset="utf-8" /></head>
<body>
<div>
    <script src="https://cdnjs.cloudflare.com/ajax/libs/mathjax/2.7.5/MathJax.js?config=TeX-AMS-MML_SVG"></script>
    <script type="text/javascript">
window.PlotlyConfig = {MathJaxConfig: 'local'};
</script>
<script src="https://cdn.plot.ly/plotly-2.3.0.min.js"></script>

    <div
        id=id-1
        class="plotly-graph-div"
        style="height:100%; width:100%;">
    </div>
    <script type="text/javascript">
        
        window.PLOTLYENV = window.PLOTLYENV || {}
        
        if (document.getElementById('id-1')) {
    Plotly.newPlot(
        'id-1',
        [{"legendgrouptitle":{"text":null},"x":["Bar 1","Bar 2","Bar 3"],"y":[-0.2,1.2,1.8],"type":"bar","name":null,"customdata":null,"legendgroup":"series","orientation":"v","hovertemplate":null,"marker":{"color":["red","green","blue"]}}],
        {"showlegend":false,"xaxis":{"showgrid":false,"showticklabels":false,"type":null,"title":null,"range":null},"bargap":null,"template":"simple_white","barmode":null,"margin":{"l":50,"b":50,"r":50,"t":60},"title":null,"yaxis":{"showgrid":true,"showticklabels":true,"type":null,"title":null,"range":[null,null]}},
        {"editable":false,"responsive":true,"staticPlot":false,"scrollZoom":true},
    )
}

        
    </script>
</div>

</body>
</html>