<html>
<head><meta charset="utf-8" /></head>
<body>
<div>
    <script src="https://cdnjs.cloudflare.com/ajax/libs/mathjax/2.7.5/MathJax.js?config=TeX-AMS-MML_SVG"></script>
    <script type="text/javascript">
window.PlotlyConfig = {MathJaxConfig: 'local'};
</script>
<script src="https://cdn.plot.ly/plotly-2.3.0.min.js"></script>

    <div
        id=id-1
        class="plotly-graph-div"
        style="height:100%; width:100%;">
    </div>
    <script type="text/javascript">
        
        window.PLOTLYENV = window.PLOTLYENV || {}
        
        if (document.getElementById('id-1')) {
    Plotly.newPlot(
        'id-1',
        [{"x":["Bar 1","Bar 2"],"y":[0.0,0.45454545454545453,0.5263157894736842],"type":"bar","name":"Series 1","legendgroup":"series","orientation":"v"},{"x":["Bar 1","Bar 2"],"y":[1.0,0.5454545454545454,0.4736842105263158],"type":"bar","name":"Series 2","legendgroup":"series","orientation":"v"}],
        {"showlegend":false,"xaxis":{"showgrid":false,"showticklabels":false},"template":"simple_white","barmode":"stack","margin":{"l":50,"b":50,"r":50,"t":60},"yaxis":{"showgrid":true,"showticklabels":true,"range":[null,null]}},
        {"editable":false,"responsive":true,"staticPlot":false,"scrollZoom":true},
    )
}

        
    </script>
</div>

</body>
</html>