<html>
<head><meta charset="utf-8" /></head>
<body>
<div>
    <script src="https://cdnjs.cloudflare.com/ajax/libs/mathjax/2.7.5/MathJax.js?config=TeX-AMS-MML_SVG"></script>
    <script type="text/javascript">
window.PlotlyConfig = {MathJaxConfig: 'local'};
</script>
<script src="https://cdn.plot.ly/plotly-2.3.0.min.js"></script>

    <div
        id=id-1
        class="plotly-graph-div"
        style="height:100%; width:100%;">
    </div>
    <script type="text/javascript">
        
        window.PLOTLYENV = window.PLOTLYENV || {}
        
        if (document.getElementById('id-1')) {
    Plotly.newPlot(
        'id-1',
        [{"legendgrouptitle":{"text":null},"x":[0.0,1.0,2.0],"y":["Foo","Bar","Baz"],"type":"bar","name":"Series 1","customdata":null,"legendgroup":"series","orientation":"h","hovertemplate":null,"marker":{"color":null}},{"legendgrouptitle":{"text":null},"x":[0.2,1.2,1.8],"y":["Foo","Bar","Baz"],"type":"bar","name":"Series 2","customdata":null,"legendgroup":"series","orientation":"h","hovertemplate":null,"marker":{"color":null}}],
        {"showlegend":false,"xaxis":{"showgrid":true,"showticklabels":true,"type":null,"title":null,"range":[null,null]},"template":"simple_white","barmode":null,"margin":{"l":50,"b":50,"r":50,"t":60},"title":null,"yaxis":{"showgrid":false,"showticklabels":true,"type":null,"title":null,"range":null}},
        {"editable":false,"responsive":true,"staticPlot":false,"scrollZoom":true},
    )
}

        
    </script>
</div>

</body>
</html>