<html>
<head><meta charset="utf-8" /></head>
<body>
<div>
    <script src="https://cdnjs.cloudflare.com/ajax/libs/mathjax/2.7.5/MathJax.js?config=TeX-AMS-MML_SVG"></script>
    <script type="text/javascript">
window.PlotlyConfig = {MathJaxConfig: 'local'};
</script>
<script src="https://cdn.plot.ly/plotly-2.3.0.min.js"></script>

    <div
        id=id-1
        class="plotly-graph-div"
        style="height:100%; width:100%;">
    </div>
    <script type="text/javascript">
        
        window.PLOTLYENV = window.PLOTLYENV || {}
        
        if (document.getElementById('id-1')) {
    Plotly.newPlot(
        'id-1',
        [{"showlegend":false,
"y":[1.0,2.0,3.0],
"type":"bar",
"name":"Series 1",
"legendgroup":"Series 1",
"orientation":"v",
"x":["Bar 1",
"Bar 2",
"Bar 3"]},
{"showlegend":false,
"y":[1.2,2.2,2.8],
"type":"bar",
"name":"Series 2",
"legendgroup":"Series 2",
"orientation":"v",
"x":["Bar 1",
"Bar 2",
"Bar 3"]}],
        {"showlegend":false,
"xaxis":{"showgrid":false,
"showticklabels":false},
"template":"simple_white",
"legend":{"tracegroupgap":0,
"itemdoubleclick":false},
"margin":{"l":50,
"b":50,
"r":50,
"t":50},
"yaxis":{"showgrid":true,
"showticklabels":true,
"zeroline":false,
"type":"log",
"range":[null,null]},
"barmode":"stack"},
        {"editable":false,
"responsive":true,
"staticPlot":false,
"scrollZoom":true},
    )
}

        
    </script>
</div>

</body>
</html>