<html>
<head><meta charset="utf-8" /></head>
<body>
<div>
    <script src="https://cdnjs.cloudflare.com/ajax/libs/mathjax/2.7.5/MathJax.js?config=TeX-AMS-MML_SVG"></script>
    <script type="text/javascript">
window.PlotlyConfig = {MathJaxConfig: 'local'};
</script>
<script src="https://cdn.plot.ly/plotly-2.3.0.min.js"></script>

    <div
        id=id-1
        class="plotly-graph-div"
        style="height:100%; width:100%;">
    </div>
    <script type="text/javascript">
        
        window.PLOTLYENV = window.PLOTLYENV || {}
        
        if (document.getElementById('id-1')) {
    Plotly.newPlot(
        'id-1',
        [{"mode":"lines","name":"Trace 1","fill":null,"legendgroup":"lines","legendgrouptitle":{"text":null},"line":{"color":null,"dash":null,"width":1.0},"y":[1.0,0.9615384615384617,0.9230769230769231,0.8846153846153847,0.8461538461538463,0.8076923076923077,0.7692307692307694,0.7307692307692308,0.6923076923076924,0.653846153846154,0.6153846153846154,0.576923076923077,0.5384615384615385,0.5000000000000001,0.4615384615384617,0.42307692307692313,0.3846153846153847,0.34615384615384626,0.3076923076923078,0.2692307692307693,0.23076923076923084,0.1923076923076924,0.15384615384615397,0.11538461538461542,0.07692307692307698,0.03846153846153855],"type":"scatter","groupnorm":null,"stackgroup":null,"x":[0.75,5.25,5.5,6.0,6.2,6.6,6.8,7.0,7.2,7.5,7.5,7.75,8.15,8.15,8.65,8.93,9.2,9.5,10.0,10.25,11.5,12.0,16.0,20.9,22.3,23.25]},{"mode":"lines","name":"Trace 2","fill":null,"legendgroup":"lines","legendgrouptitle":{"text":null},"line":{"color":null,"dash":null,"width":1.0},"y":[1.0,0.9963369963369964,0.9926739926739927,0.989010989010989,0.9853479853479853,0.9816849816849816,0.978021978021978,0.9743589743589743,0.9706959706959707,0.967032967032967,0.9633699633699634,0.9597069597069597,0.956043956043956,0.9523809523809523,0.9487179487179487,0.945054945054945,0.9413919413919414,0.9377289377289377,0.9340659340659341,0.9304029304029304,0.9267399267399268,0.923076923076923,0.9194139194139194,0.9157509157509157,0.9120879120879121,0.9084249084249084,0.9047619047619048,0.9010989010989011,0.8974358974358975,0.8937728937728937,0.8901098901098901,0.8864468864468864,0.8827838827838828,0.8791208791208791,0.8754578754578755,0.8717948717948718,0.8681318681318682,0.8644688644688645,0.8608058608058609,0.8571428571428571,0.8534798534798534,0.8498168498168498,0.8461538461538461,0.8424908424908425,0.8388278388278388,0.8351648351648351,0.8315018315018314,0.8278388278388278,0.8241758241758241,0.8205128205128205,0.8168498168498168,0.8131868131868132,0.8095238095238095,0.8058608058608059,0.8021978021978022,0.7985347985347986,0.7948717948717948,0.7912087912087912,0.7875457875457875,0.7838827838827839,0.7802197802197802,0.7765567765567766,0.7728937728937728,0.7692307692307692,0.7655677655677655,0.7619047619047619,0.7582417582417582,0.7545787545787546,0.7509157509157509,0.7472527472527473,0.7435897435897436,0.73992673992674,0.7362637362637363,0.7326007326007327,0.7289377289377289,0.7252747252747253,0.7216117216117216,0.717948717948718,0.7142857142857142,0.7106227106227105,0.7069597069597069,0.7032967032967032,0.6996336996336996,0.6959706959706959,0.6923076923076923,0.6886446886446886,0.684981684981685,0.6813186813186813,0.6776556776556777,0.673992673992674,0.6703296703296704,0.6666666666666666,0.663003663003663,0.6593406593406593,0.6556776556776557,0.6520146520146519,0.6483516483516483,0.6446886446886446,0.641025641025641,0.6373626373626373,0.6336996336996337,0.63003663003663,0.6263736263736264,0.6227106227106227,0.6190476190476191,0.6153846153846154,0.6117216117216118,0.6080586080586081,0.6043956043956044,0.6007326007326007,0.5970695970695971,0.5934065934065934,0.5897435897435898,0.586080586080586,0.5824175824175823,0.5787545787545787,0.575091575091575,0.5714285714285714,0.5677655677655677,0.5641025641025641,0.5604395604395604,0.5567765567765568,0.5531135531135531,0.5494505494505495,0.5457875457875458,0.5421245421245421,0.5384615384615384,0.5347985347985348,0.5311355311355311,0.5274725274725275,0.5238095238095237,0.5201465201465201,0.5164835164835164,0.5128205128205128,0.5091575091575091,0.5054945054945055,0.5018315018315018,0.4981684981684982,0.4945054945054945,0.4908424908424909,0.4871794871794871,0.48351648351648346,0.4798534798534798,0.47619047619047616,0.4725274725274725,0.46886446886446886,0.4652014652014652,0.46153846153846156,0.4578754578754579,0.45421245421245415,0.4505494505494505,0.44688644688644685,0.4432234432234432,0.43956043956043955,0.4358974358974359,0.43223443223443225,0.4285714285714286,0.42490842490842484,0.4212454212454212,0.41758241758241754,0.4139194139194139,0.41025641025641024,0.4065934065934066,0.40293040293040294,0.3992673992673993,0.39560439560439564,0.3919413919413919,0.38827838827838823,0.3846153846153846,0.38095238095238093,0.3772893772893773,0.37362637362637363,0.36996336996337,0.36630036630036633,0.36263736263736257,0.3589743589743589,0.35531135531135527,0.3516483516483516,0.34798534798534797,0.3443223443223443,0.34065934065934067,0.336996336996337,0.33333333333333337,0.3296703296703296,0.32600732600732596,0.3223443223443223,0.31868131868131866,0.315018315018315,0.31135531135531136,0.3076923076923077,0.30402930402930406,0.3003663003663003,0.29670329670329665,0.293040293040293,0.28937728937728935,0.2857142857142857,0.28205128205128205,0.2783882783882784,0.27472527472527475,0.2710622710622711,0.26739926739926734,0.2637362637362637,0.26007326007326004,0.2564102564102564,0.25274725274725274,0.2490842490842491,0.24542124542124544,0.2417582417582418,0.23809523809523814,0.23443223443223438,0.23076923076923073,0.22710622710622708,0.22344322344322343,0.21978021978021978,0.21611721611721613,0.21245421245421248,0.20879120879120883,0.20512820512820507,0.20146520146520142,0.19780219780219777,0.19413919413919412,0.19047619047619047,0.18681318681318682,0.18315018315018317,0.17948717948717952,0.17582417582417587,0.1721611721611721,0.16849816849816845,0.1648351648351648,0.16117216117216115,0.1575091575091575,0.15384615384615385,0.1501831501831502,0.14652014652014655,0.1428571428571428,0.13919413919413914,0.1355311355311355,0.13186813186813184,0.1282051282051282,0.12454212454212454,0.1208791208791209,0.11721611721611724,0.1135531135531136,0.10989010989010983,0.10622710622710618,0.10256410256410253,0.09890109890109888,0.09523809523809523,0.09157509157509158,0.08791208791208793,0.08424908424908428,0.08058608058608052,0.07692307692307687,0.07326007326007322,0.06959706959706957,0.06593406593406592,0.06227106227106227,0.05860805860805862,0.05494505494505497,0.05128205128205132,0.04761904761904756,0.04395604395604391,0.04029304029304026,0.03663003663003661,0.03296703296703296,0.02930402930402931,0.02564102564102566,0.02197802197802201,0.01831501831501825,0.0146520146520146,0.01098901098901095,0.0073260073260073,0.00366300366300365],"type":"scatter","groupnorm":null,"stackgroup":null,"x":[4.3,4.5,4.5,4.5,4.6,4.6,4.6,4.6,4.6,4.7,4.7,4.7,4.7,4.8,4.8,4.8,4.9,4.9,4.9,4.9,4.9,5.0,5.0,5.0,5.0,5.0,5.1,5.1,5.1,5.1,5.1,5.1,5.2,5.2,5.2,5.2,5.2,5.3,5.3,5.3,5.3,5.3,5.3,5.3,5.4,5.4,5.4,5.4,5.4,5.4,5.4,5.4,5.4,5.5,5.5,5.5,5.5,5.5,5.5,5.6,5.6,5.6,5.6,5.7,5.7,5.7,5.8,5.8,5.8,5.8,5.9,5.9,5.9,5.9,5.9,5.9,5.9,6.0,6.0,6.0,6.0,6.0,6.0,6.2,6.2,6.2,6.2,6.3,6.3,6.3,6.4,6.4,6.4,6.4,6.5,6.5,6.5,6.6,6.6,6.7,6.8,6.9,6.9,7.0,7.0,7.0,7.0,7.1,7.1,7.1,7.1,7.1,7.2,7.3,7.3,7.3,7.3,7.3,7.3,7.3,7.4,7.4,7.4,7.4,7.4,7.4,7.5,7.5,7.5,7.5,7.5,7.5,7.5,7.5,7.6,7.6,7.6,7.6,7.6,7.6,7.6,7.6,7.6,7.7,7.7,7.7,7.7,7.7,7.7,7.7,7.7,7.7,7.7,7.7,7.7,7.8,7.8,7.8,7.8,7.8,7.8,7.8,7.8,7.8,7.8,7.8,7.8,7.8,7.8,7.8,7.9,7.9,7.9,7.9,7.9,7.9,7.9,7.9,7.9,7.9,8.0,8.0,8.0,8.0,8.0,8.0,8.0,8.0,8.1,8.1,8.1,8.1,8.1,8.1,8.1,8.1,8.1,8.1,8.1,8.1,8.1,8.2,8.2,8.2,8.2,8.2,8.2,8.2,8.2,8.2,8.2,8.2,8.2,8.3,8.3,8.3,8.3,8.3,8.3,8.3,8.3,8.3,8.3,8.3,8.3,8.3,8.3,8.4,8.4,8.4,8.4,8.4,8.4,8.4,8.4,8.4,8.4,8.5,8.5,8.5,8.5,8.5,8.5,8.6,8.6,8.6,8.6,8.6,8.6,8.7,8.7,8.8,8.8,8.8,8.8,8.8,8.8,8.9,8.9,8.9,9.0,9.0,9.0,9.0,9.0,9.0,9.1,9.2,9.3,9.3,9.4,9.6,15.0]}],
        {"showlegend":false,"xaxis":{"showgrid":true,"showticklabels":true,"type":null,"title":null,"range":[null,null]},"template":"simple_white","margin":{"l":50,"b":50,"r":50,"t":60},"title":null,"yaxis":{"showgrid":true,"showticklabels":true,"type":null,"title":null,"range":[null,null]}},
        {"editable":false,"responsive":true,"staticPlot":false,"scrollZoom":true},
    )
}

        
    </script>
</div>

</body>
</html>