<html>
<head><meta charset="utf-8" /></head>
<body>
<div>
    <script src="https://cdnjs.cloudflare.com/ajax/libs/mathjax/2.7.5/MathJax.js?config=TeX-AMS-MML_SVG"></script>
    <script type="text/javascript">
window.PlotlyConfig = {MathJaxConfig: 'local'};
</script>
<script src="https://cdn.plot.ly/plotly-2.3.0.min.js"></script>

    <div
        id=id-1
        class="plotly-graph-div"
        style="height:100%; width:100%;">
    </div>
    <script type="text/javascript">
        
        window.PLOTLYENV = window.PLOTLYENV || {}
        
        if (document.getElementById('id-1')) {
    Plotly.newPlot(
        'id-1',
        [{"showlegend":true,
"mode":"lines",
"line":{"width":1},
"y":[0.038461538461538464,0.07692307692307693,0.11538461538461539,0.15384615384615385,0.19230769230769232,0.23076923076923078,0.2692307692307692,0.3076923076923077,0.34615384615384615,0.38461538461538464,0.4230769230769231,0.46153846153846156,0.5,0.5384615384615384,0.5769230769230769,0.6153846153846154,0.6538461538461539,0.6923076923076923,0.7307692307692307,0.7692307692307693,0.8076923076923077,0.8461538461538461,0.8846153846153846,0.9230769230769231,0.9615384615384616,1.0],
"type":"scatter",
"name":"Trace 1",
"legendgroup":"lines1",
"x":[0.75,5.25,5.5,6.0,6.2,6.6,6.8,7.0,7.2,7.5,7.5,7.75,8.15,8.15,8.65,8.93,9.2,9.5,10.0,10.25,11.5,12.0,16.0,20.9,22.3,23.25]},
{"showlegend":true,
"mode":"lines",
"line":{"width":1},
"y":[0.003663003663003663,0.007326007326007326,0.01098901098901099,0.014652014652014652,0.018315018315018316,0.02197802197802198,0.02564102564102564,0.029304029304029304,0.03296703296703297,0.03663003663003663,0.040293040293040296,0.04395604395604396,0.047619047619047616,0.05128205128205128,0.054945054945054944,0.05860805860805861,0.06227106227106227,0.06593406593406594,0.0695970695970696,0.07326007326007326,0.07692307692307693,0.08058608058608059,0.08424908424908426,0.08791208791208792,0.09157509157509157,0.09523809523809523,0.0989010989010989,0.10256410256410256,0.10622710622710622,0.10989010989010989,0.11355311355311355,0.11721611721611722,0.12087912087912088,0.12454212454212454,0.1282051282051282,0.13186813186813187,0.13553113553113552,0.1391941391941392,0.14285714285714285,0.14652014652014653,0.15018315018315018,0.15384615384615385,0.1575091575091575,0.16117216117216118,0.16483516483516483,0.1684981684981685,0.17216117216117216,0.17582417582417584,0.1794871794871795,0.18315018315018314,0.18681318681318682,0.19047619047619047,0.19413919413919414,0.1978021978021978,0.20146520146520147,0.20512820512820512,0.2087912087912088,0.21245421245421245,0.21611721611721613,0.21978021978021978,0.22344322344322345,0.2271062271062271,0.23076923076923078,0.23443223443223443,0.23809523809523808,0.24175824175824176,0.2454212454212454,0.2490842490842491,0.25274725274725274,0.2564102564102564,0.2600732600732601,0.26373626373626374,0.2673992673992674,0.27106227106227104,0.27472527472527475,0.2783882783882784,0.28205128205128205,0.2857142857142857,0.2893772893772894,0.29304029304029305,0.2967032967032967,0.30036630036630035,0.304029304029304,0.3076923076923077,0.31135531135531136,0.315018315018315,0.31868131868131866,0.32234432234432236,0.326007326007326,0.32967032967032966,0.3333333333333333,0.336996336996337,0.34065934065934067,0.3443223443223443,0.34798534798534797,0.3516483516483517,0.3553113553113553,0.358974358974359,0.3626373626373626,0.3663003663003663,0.36996336996337,0.37362637362637363,0.3772893772893773,0.38095238095238093,0.38461538461538464,0.3882783882783883,0.39194139194139194,0.3956043956043956,0.3992673992673993,0.40293040293040294,0.4065934065934066,0.41025641025641024,0.4139194139194139,0.4175824175824176,0.42124542124542125,0.4249084249084249,0.42857142857142855,0.43223443223443225,0.4358974358974359,0.43956043956043955,0.4432234432234432,0.4468864468864469,0.45054945054945056,0.4542124542124542,0.45787545787545786,0.46153846153846156,0.4652014652014652,0.46886446886446886,0.4725274725274725,0.47619047619047616,0.47985347985347987,0.4835164835164835,0.48717948717948717,0.4908424908424908,0.4945054945054945,0.4981684981684982,0.5018315018315018,0.5054945054945055,0.5091575091575091,0.5128205128205128,0.5164835164835165,0.5201465201465202,0.5238095238095238,0.5274725274725275,0.5311355311355311,0.5347985347985348,0.5384615384615384,0.5421245421245421,0.5457875457875457,0.5494505494505495,0.5531135531135531,0.5567765567765568,0.5604395604395604,0.5641025641025641,0.5677655677655677,0.5714285714285714,0.575091575091575,0.5787545787545788,0.5824175824175825,0.5860805860805861,0.5897435897435898,0.5934065934065934,0.5970695970695971,0.6007326007326007,0.6043956043956044,0.608058608058608,0.6117216117216118,0.6153846153846154,0.6190476190476191,0.6227106227106227,0.6263736263736264,0.63003663003663,0.6336996336996337,0.6373626373626373,0.6410256410256411,0.6446886446886447,0.6483516483516484,0.652014652014652,0.6556776556776557,0.6593406593406593,0.663003663003663,0.6666666666666666,0.6703296703296703,0.673992673992674,0.6776556776556777,0.6813186813186813,0.684981684981685,0.6886446886446886,0.6923076923076923,0.6959706959706959,0.6996336996336996,0.7032967032967034,0.706959706959707,0.7106227106227107,0.7142857142857143,0.717948717948718,0.7216117216117216,0.7252747252747253,0.7289377289377289,0.7326007326007326,0.7362637362637363,0.73992673992674,0.7435897435897436,0.7472527472527473,0.7509157509157509,0.7545787545787546,0.7582417582417582,0.7619047619047619,0.7655677655677655,0.7692307692307693,0.7728937728937729,0.7765567765567766,0.7802197802197802,0.7838827838827839,0.7875457875457875,0.7912087912087912,0.7948717948717948,0.7985347985347986,0.8021978021978022,0.8058608058608059,0.8095238095238095,0.8131868131868132,0.8168498168498168,0.8205128205128205,0.8241758241758241,0.8278388278388278,0.8315018315018315,0.8351648351648352,0.8388278388278388,0.8424908424908425,0.8461538461538461,0.8498168498168498,0.8534798534798534,0.8571428571428571,0.8608058608058609,0.8644688644688645,0.8681318681318682,0.8717948717948718,0.8754578754578755,0.8791208791208791,0.8827838827838828,0.8864468864468864,0.8901098901098901,0.8937728937728938,0.8974358974358975,0.9010989010989011,0.9047619047619048,0.9084249084249084,0.9120879120879121,0.9157509157509157,0.9194139194139194,0.9230769230769231,0.9267399267399268,0.9304029304029304,0.9340659340659341,0.9377289377289377,0.9413919413919414,0.945054945054945,0.9487179487179487,0.9523809523809523,0.9560439560439561,0.9597069597069597,0.9633699633699634,0.967032967032967,0.9706959706959707,0.9743589743589743,0.978021978021978,0.9816849816849816,0.9853479853479854,0.989010989010989,0.9926739926739927,0.9963369963369964,1.0],
"type":"scatter",
"name":"Trace 2",
"legendgroup":"lines2",
"x":[4.3,4.5,4.5,4.5,4.6,4.6,4.6,4.6,4.6,4.7,4.7,4.7,4.7,4.8,4.8,4.8,4.9,4.9,4.9,4.9,4.9,5.0,5.0,5.0,5.0,5.0,5.1,5.1,5.1,5.1,5.1,5.1,5.2,5.2,5.2,5.2,5.2,5.3,5.3,5.3,5.3,5.3,5.3,5.3,5.4,5.4,5.4,5.4,5.4,5.4,5.4,5.4,5.4,5.5,5.5,5.5,5.5,5.5,5.5,5.6,5.6,5.6,5.6,5.7,5.7,5.7,5.8,5.8,5.8,5.8,5.9,5.9,5.9,5.9,5.9,5.9,5.9,6.0,6.0,6.0,6.0,6.0,6.0,6.2,6.2,6.2,6.2,6.3,6.3,6.3,6.4,6.4,6.4,6.4,6.5,6.5,6.5,6.6,6.6,6.7,6.8,6.9,6.9,7.0,7.0,7.0,7.0,7.1,7.1,7.1,7.1,7.1,7.2,7.3,7.3,7.3,7.3,7.3,7.3,7.3,7.4,7.4,7.4,7.4,7.4,7.4,7.5,7.5,7.5,7.5,7.5,7.5,7.5,7.5,7.6,7.6,7.6,7.6,7.6,7.6,7.6,7.6,7.6,7.7,7.7,7.7,7.7,7.7,7.7,7.7,7.7,7.7,7.7,7.7,7.7,7.8,7.8,7.8,7.8,7.8,7.8,7.8,7.8,7.8,7.8,7.8,7.8,7.8,7.8,7.8,7.9,7.9,7.9,7.9,7.9,7.9,7.9,7.9,7.9,7.9,8.0,8.0,8.0,8.0,8.0,8.0,8.0,8.0,8.1,8.1,8.1,8.1,8.1,8.1,8.1,8.1,8.1,8.1,8.1,8.1,8.1,8.2,8.2,8.2,8.2,8.2,8.2,8.2,8.2,8.2,8.2,8.2,8.2,8.3,8.3,8.3,8.3,8.3,8.3,8.3,8.3,8.3,8.3,8.3,8.3,8.3,8.3,8.4,8.4,8.4,8.4,8.4,8.4,8.4,8.4,8.4,8.4,8.5,8.5,8.5,8.5,8.5,8.5,8.6,8.6,8.6,8.6,8.6,8.6,8.7,8.7,8.8,8.8,8.8,8.8,8.8,8.8,8.9,8.9,8.9,9.0,9.0,9.0,9.0,9.0,9.0,9.1,9.2,9.3,9.3,9.4,9.6,15.0]}],
        {"showlegend":true,
"xaxis":{"showgrid":true,
"showticklabels":true,
"range":[-0.375,24.375]},
"template":"simple_white",
"legend":{"tracegroupgap":0,
"itemdoubleclick":false},
"margin":{"l":50,
"b":50,
"r":50,
"t":50},
"yaxis":{"showgrid":true,
"showticklabels":true,
"range":[-0.046153846153846156,1.0498168498168499]}},
        {"editable":false,
"responsive":true,
"staticPlot":false,
"scrollZoom":true},
    )
}

        
    </script>
</div>

</body>
</html>