<html>
<head><meta charset="utf-8" /></head>
<body>
<div>
    <script src="https://cdnjs.cloudflare.com/ajax/libs/mathjax/2.7.5/MathJax.js?config=TeX-AMS-MML_SVG"></script>
    <script type="text/javascript">
window.PlotlyConfig = {MathJaxConfig: 'local'};
</script>
<script src="https://cdn.plot.ly/plotly-2.3.0.min.js"></script>

    <div
        id=id-1
        class="plotly-graph-div"
        style="height:100%; width:100%;">
    </div>
    <script type="text/javascript">
        
        window.PLOTLYENV = window.PLOTLYENV || {}
        
        if (document.getElementById('id-1')) {
    Plotly.newPlot(
        'id-1',
        [{"showlegend":false,"mode":"lines","name":"Trace 1","legendgroup":"lines1","line":{"width":1},"y":[3.8461538461538463,7.6923076923076925,11.538461538461538,15.384615384615385,19.23076923076923,23.076923076923077,26.923076923076923,30.76923076923077,34.61538461538461,38.46153846153846,42.30769230769231,46.15384615384615,50.0,53.84615384615385,57.69230769230769,61.53846153846154,65.38461538461539,69.23076923076923,73.07692307692308,76.92307692307692,80.76923076923077,84.61538461538461,88.46153846153847,92.3076923076923,96.15384615384616,100.0],"type":"scatter","x":[0.75,5.25,5.5,6.0,6.2,6.6,6.8,7.0,7.2,7.5,7.5,7.75,8.15,8.15,8.65,8.93,9.2,9.5,10.0,10.25,11.5,12.0,16.0,20.9,22.3,23.25]},{"showlegend":false,"mode":"lines","name":"Trace 2","legendgroup":"lines2","line":{"width":1},"y":[0.3663003663003663,0.7326007326007326,1.0989010989010988,1.465201465201465,1.8315018315018314,2.1978021978021975,2.564102564102564,2.93040293040293,3.2967032967032965,3.663003663003663,4.029304029304029,4.395604395604395,4.761904761904762,5.128205128205128,5.4945054945054945,5.86080586080586,6.227106227106226,6.593406593406593,6.959706959706959,7.326007326007326,7.692307692307692,8.058608058608058,8.424908424908425,8.79120879120879,9.157509157509157,9.523809523809524,9.890109890109889,10.256410256410255,10.622710622710622,10.989010989010989,11.355311355311354,11.72161172161172,12.087912087912088,12.454212454212453,12.82051282051282,13.186813186813186,13.553113553113553,13.919413919413918,14.285714285714285,14.652014652014651,15.018315018315016,15.384615384615383,15.75091575091575,16.117216117216117,16.483516483516482,16.84981684981685,17.216117216117215,17.58241758241758,17.94871794871795,18.315018315018314,18.68131868131868,19.047619047619047,19.413919413919412,19.780219780219777,20.146520146520146,20.51282051282051,20.879120879120876,21.245421245421245,21.61172161172161,21.978021978021978,22.344322344322343,22.710622710622708,23.076923076923077,23.44322344322344,23.809523809523807,24.175824175824175,24.54212454212454,24.908424908424905,25.274725274725274,25.64102564102564,26.007326007326007,26.373626373626372,26.739926739926737,27.106227106227106,27.47252747252747,27.838827838827836,28.205128205128204,28.57142857142857,28.937728937728934,29.304029304029303,29.670329670329668,30.036630036630033,30.4029304029304,30.769230769230766,31.135531135531135,31.5018315018315,31.868131868131865,32.234432234432234,32.6007326007326,32.967032967032964,33.33333333333333,33.6996336996337,34.065934065934066,34.43223443223443,34.798534798534796,35.16483516483516,35.531135531135526,35.8974358974359,36.26373626373626,36.63003663003663,36.99633699633699,37.36263736263736,37.72893772893773,38.095238095238095,38.46153846153846,38.827838827838825,39.19413919413919,39.560439560439555,39.92673992673993,40.29304029304029,40.65934065934066,41.02564102564102,41.39194139194139,41.75824175824175,42.124542124542124,42.49084249084249,42.857142857142854,43.22344322344322,43.589743589743584,43.956043956043956,44.32234432234432,44.688644688644686,45.05494505494505,45.421245421245416,45.78754578754578,46.15384615384615,46.52014652014652,46.88644688644688,47.25274725274725,47.61904761904761,47.985347985347985,48.35164835164835,48.717948717948715,49.08424908424908,49.450549450549445,49.81684981684981,50.18315018315018,50.54945054945055,50.91575091575091,51.28205128205128,51.64835164835164,52.014652014652015,52.38095238095238,52.747252747252745,53.11355311355311,53.479853479853475,53.84615384615384,54.21245421245421,54.57875457875458,54.94505494505494,55.31135531135531,55.67765567765567,56.04395604395604,56.41025641025641,56.776556776556774,57.14285714285714,57.509157509157504,57.87545787545787,58.24175824175824,58.608058608058606,58.97435897435897,59.340659340659336,59.7069597069597,60.073260073260066,60.43956043956044,60.8058608058608,61.17216117216117,61.53846153846153,61.9047619047619,62.27106227106227,62.637362637362635,63.003663003663,63.369963369963365,63.73626373626373,64.1025641025641,64.46886446886447,64.83516483516483,65.2014652014652,65.56776556776556,65.93406593406593,66.30036630036629,66.66666666666666,67.03296703296702,67.3992673992674,67.76556776556777,68.13186813186813,68.4981684981685,68.86446886446886,69.23076923076923,69.59706959706959,69.96336996336996,70.32967032967032,70.69597069597069,71.06227106227105,71.42857142857143,71.7948717948718,72.16117216117216,72.52747252747253,72.89377289377289,73.26007326007326,73.62637362637362,73.99267399267399,74.35897435897435,74.72527472527472,75.09157509157508,75.45787545787546,75.82417582417582,76.19047619047619,76.55677655677655,76.92307692307692,77.28937728937728,77.65567765567765,78.02197802197801,78.38827838827838,78.75457875457874,79.12087912087911,79.48717948717947,79.85347985347985,80.21978021978022,80.58608058608058,80.95238095238095,81.31868131868131,81.68498168498168,82.05128205128204,82.41758241758241,82.78388278388277,83.15018315018314,83.5164835164835,83.88278388278388,84.24908424908425,84.61538461538461,84.98168498168498,85.34798534798534,85.71428571428571,86.08058608058607,86.44688644688644,86.8131868131868,87.17948717948717,87.54578754578753,87.91208791208791,88.27838827838828,88.64468864468864,89.01098901098901,89.37728937728937,89.74358974358974,90.1098901098901,90.47619047619047,90.84249084249083,91.2087912087912,91.57509157509156,91.94139194139194,92.3076923076923,92.67399267399267,93.04029304029304,93.4065934065934,93.77289377289377,94.13919413919413,94.5054945054945,94.87179487179486,95.23809523809523,95.60439560439559,95.97069597069597,96.33699633699634,96.7032967032967,97.06959706959707,97.43589743589743,97.8021978021978,98.16849816849816,98.53479853479853,98.90109890109889,99.26739926739926,99.63369963369962,100.0],"type":"scatter","x":[4.3,4.5,4.5,4.5,4.6,4.6,4.6,4.6,4.6,4.7,4.7,4.7,4.7,4.8,4.8,4.8,4.9,4.9,4.9,4.9,4.9,5.0,5.0,5.0,5.0,5.0,5.1,5.1,5.1,5.1,5.1,5.1,5.2,5.2,5.2,5.2,5.2,5.3,5.3,5.3,5.3,5.3,5.3,5.3,5.4,5.4,5.4,5.4,5.4,5.4,5.4,5.4,5.4,5.5,5.5,5.5,5.5,5.5,5.5,5.6,5.6,5.6,5.6,5.7,5.7,5.7,5.8,5.8,5.8,5.8,5.9,5.9,5.9,5.9,5.9,5.9,5.9,6.0,6.0,6.0,6.0,6.0,6.0,6.2,6.2,6.2,6.2,6.3,6.3,6.3,6.4,6.4,6.4,6.4,6.5,6.5,6.5,6.6,6.6,6.7,6.8,6.9,6.9,7.0,7.0,7.0,7.0,7.1,7.1,7.1,7.1,7.1,7.2,7.3,7.3,7.3,7.3,7.3,7.3,7.3,7.4,7.4,7.4,7.4,7.4,7.4,7.5,7.5,7.5,7.5,7.5,7.5,7.5,7.5,7.6,7.6,7.6,7.6,7.6,7.6,7.6,7.6,7.6,7.7,7.7,7.7,7.7,7.7,7.7,7.7,7.7,7.7,7.7,7.7,7.7,7.8,7.8,7.8,7.8,7.8,7.8,7.8,7.8,7.8,7.8,7.8,7.8,7.8,7.8,7.8,7.9,7.9,7.9,7.9,7.9,7.9,7.9,7.9,7.9,7.9,8.0,8.0,8.0,8.0,8.0,8.0,8.0,8.0,8.1,8.1,8.1,8.1,8.1,8.1,8.1,8.1,8.1,8.1,8.1,8.1,8.1,8.2,8.2,8.2,8.2,8.2,8.2,8.2,8.2,8.2,8.2,8.2,8.2,8.3,8.3,8.3,8.3,8.3,8.3,8.3,8.3,8.3,8.3,8.3,8.3,8.3,8.3,8.4,8.4,8.4,8.4,8.4,8.4,8.4,8.4,8.4,8.4,8.5,8.5,8.5,8.5,8.5,8.5,8.6,8.6,8.6,8.6,8.6,8.6,8.7,8.7,8.8,8.8,8.8,8.8,8.8,8.8,8.9,8.9,8.9,9.0,9.0,9.0,9.0,9.0,9.0,9.1,9.2,9.3,9.3,9.4,9.6,15.0]},{"showlegend":false,"mode":"lines","line":{"color":"black","width":1.0},"x":[11,11],"y":[-4.615384615384616,104.98168498168498],"type":"scatter","name":"center","legendgroup":"center"},{"showlegend":false,"mode":"lines","line":{"color":"black","dash":"dash","width":1.0},"x":[-0.375,24.375],"y":[50.0,50.0],"type":"scatter","name":"middle","legendgroup":"middle"}],
        {"showlegend":false,"xaxis":{"showgrid":true,"showticklabels":true,"range":[-0.375,24.375]},"template":"simple_white","legend":{"tracegroupgap":0,"itemdoubleclick":false},"margin":{"l":50,"b":50,"r":50,"t":60},"yaxis":{"showgrid":true,"showticklabels":true,"range":[-4.615384615384616,104.98168498168498]}},
        {"editable":false,"responsive":true,"staticPlot":false,"scrollZoom":true},
    )
}

        
    </script>
</div>

</body>
</html>