<html>
<head><meta charset="utf-8" /></head>
<body>
<div>
    <script src="https://cdnjs.cloudflare.com/ajax/libs/mathjax/2.7.5/MathJax.js?config=TeX-AMS-MML_SVG"></script>
    <script type="text/javascript">
window.PlotlyConfig = {MathJaxConfig: 'local'};
</script>
<script src="https://cdn.plot.ly/plotly-2.3.0.min.js"></script>

    <div
        id=id-1
        class="plotly-graph-div"
        style="height:100%; width:100%;">
    </div>
    <script type="text/javascript">
        
        window.PLOTLYENV = window.PLOTLYENV || {}
        
        if (document.getElementById('id-1')) {
    Plotly.newPlot(
        'id-1',
        [{"showlegend":false,
"mode":"markers",
"marker":{"color":[2.0,1.0,1.0,2.0,0.0],
"coloraxis":"coloraxis",
"reversescale":false,
"size":[30.0,10.0,40.0,20.0,50.0],
"showscale":false},
"y":[2,1,2,1,2],
"type":"scatter",
"name":"",
"legendgroup":"points ",
"x":[1,2,2,3,3]}],
        {"showlegend":false,
"coloraxis2":{"reversescale":false,
"showscale":false},
"xaxis":{"showgrid":true,
"showticklabels":true,
"tickvals":[1,2,3],
"range":[0.5,3.5],
"ticktext":["1",
"2",
"3"]},
"coloraxis":{"reversescale":false,
"showscale":false},
"shapes":[{"x0":0,
"line":{"width":1},
"type":"rectangle",
"y0":0,
"y1":1,
"yref":"paper",
"xref":"paper",
"x1":1}],
"template":"simple_white",
"legend":{"tracegroupgap":0,
"itemdoubleclick":false},
"margin":{"l":50,
"b":50,
"r":50,
"t":50},
"yaxis":{"showgrid":true,
"showticklabels":true,
"tickvals":[1,2],
"range":[0.5,2.5],
"ticktext":["1",
"2"]}},
        {"editable":false,
"responsive":true,
"staticPlot":false,
"scrollZoom":true},
    )
}

        
    </script>
</div>

</body>
</html>