<html>
<head><meta charset="utf-8" /></head>
<body>
<div>
    <script src="https://cdnjs.cloudflare.com/ajax/libs/mathjax/2.7.5/MathJax.js?config=TeX-AMS-MML_SVG"></script>
    <script type="text/javascript">
window.PlotlyConfig = {MathJaxConfig: 'local'};
</script>
<script src="https://cdn.plot.ly/plotly-2.3.0.min.js"></script>

    <div
        id=id-1
        class="plotly-graph-div"
        style="height:100%; width:100%;">
    </div>
    <script type="text/javascript">
        
        window.PLOTLYENV = window.PLOTLYENV || {}
        
        if (document.getElementById('id-1')) {
    Plotly.newPlot(
        'id-1',
        [{"showlegend":false,"mode":"markers","name":"","legendgroup":"points","marker":{"color":[1.0,4.0,2.0,5.0,3.0,6.0],"coloraxis":"coloraxis","reversescale":false,"size":[2.0,8.987058990417676,6.8789452977585706,9.555924221657222,8.194623510023565,10.0],"showscale":false},"y":[1,2,1,2,1,2],"type":"scatter","x":[1,1,2,2,3,3]}],
        {"showlegend":false,"coloraxis2":{"reversescale":false,"showscale":false},"xaxis":{"showgrid":true,"showticklabels":true,"tickvals":[1,2,3],"range":[0.5,3.5],"ticktext":["1","2","3"]},"coloraxis":{"reversescale":false,"showscale":false},"template":"simple_white","margin":{"l":50,"b":50,"r":50,"t":60},"yaxis":{"showgrid":true,"showticklabels":true,"tickvals":[1,2],"range":[0.5,2.5],"ticktext":["1","2"]}},
        {"editable":false,"responsive":true,"staticPlot":false,"scrollZoom":true},
    )
}

        
    </script>
</div>

</body>
</html>