<html>
<head><meta charset="utf-8" /></head>
<body>
<div>
    <script src="https://cdnjs.cloudflare.com/ajax/libs/mathjax/2.7.5/MathJax.js?config=TeX-AMS-MML_SVG"></script>
    <script type="text/javascript">
window.PlotlyConfig = {MathJaxConfig: 'local'};
</script>
<script src="https://cdn.plot.ly/plotly-2.3.0.min.js"></script>

    <div
        id=id-1
        class="plotly-graph-div"
        style="height:100%; width:100%;">
    </div>
    <script type="text/javascript">
        
        window.PLOTLYENV = window.PLOTLYENV || {}
        
        if (document.getElementById('id-1')) {
    Plotly.newPlot(
        'id-1',
        [{"showlegend":false,"mode":"markers","marker":{"color":"red","reversescale":false,"size":[50.0],"showscale":false},"y":[2],"type":"scatter","name":"Foo","legendgroup":"points Foo","x":[3]},{"showlegend":false,"mode":"markers","marker":{"color":"green","reversescale":false,"size":[10.0,40.0],"showscale":false},"y":[1,2],"type":"scatter","name":"Bar","legendgroup":"points Bar","x":[2,2]},{"showlegend":false,"mode":"markers","marker":{"color":"blue","reversescale":false,"size":[30.0,20.0],"showscale":false},"y":[2,1],"type":"scatter","name":"Baz","legendgroup":"points Baz","x":[1,3]}],
        {"showlegend":false,"coloraxis2":{"reversescale":false,"showscale":false},"xaxis":{"showgrid":true,"showticklabels":true,"tickvals":[1,2,3],"range":[0.5,3.5],"ticktext":["1","2","3"]},"coloraxis":{"reversescale":false,"colorscale":[["Foo","red"],["Bar","green"],["Baz","blue"]],"showscale":false},"template":"simple_white","legend":{"tracegroupgap":0,"itemdoubleclick":false},"margin":{"l":50,"b":50,"r":50,"t":50},"yaxis":{"showgrid":true,"showticklabels":true,"tickvals":[1,2],"range":[0.5,2.5],"ticktext":["1","2"]}},
        {"editable":false,"responsive":true,"staticPlot":false,"scrollZoom":true},
    )
}

        
    </script>
</div>

</body>
</html>