<html>
<head><meta charset="utf-8" /></head>
<body>
<div>
    <script src="https://cdnjs.cloudflare.com/ajax/libs/mathjax/2.7.5/MathJax.js?config=TeX-AMS-MML_SVG"></script>
    <script type="text/javascript">
window.PlotlyConfig = {MathJaxConfig: 'local'};
</script>
<script src="https://cdn.plot.ly/plotly-2.3.0.min.js"></script>

    <div
        id=id-1
        class="plotly-graph-div"
        style="height:100%; width:100%;">
    </div>
    <script type="text/javascript">
        
        window.PLOTLYENV = window.PLOTLYENV || {}
        
        if (document.getElementById('id-1')) {
    Plotly.newPlot(
        'id-1',
        [{"showlegend":true,"mode":"markers","name":"A","legendgroup":"borders A","marker":{"color":"red","reversescale":false,"size":[4.0,104.0],"showscale":false},"y":[1,2],"type":"scatter","x":[1,3]},{"showlegend":true,"mode":"markers","name":"B","legendgroup":"borders B","marker":{"color":"green","reversescale":false,"size":[24.0,84.0],"showscale":false},"y":[1,2],"type":"scatter","x":[2,2]},{"showlegend":true,"mode":"markers","name":"C","legendgroup":"borders C","marker":{"color":"blue","reversescale":false,"size":[64.0,44.0],"showscale":false},"y":[2,1],"type":"scatter","x":[1,3]},{"showlegend":false,"mode":"markers","name":"","legendgroup":"points ","marker":{"color":[1.0,4.0,2.0,5.0,3.0,6.0],"coloraxis":"coloraxis","reversescale":false,"showscale":false},"y":[1,2,1,2,1,2],"type":"scatter","x":[1,1,2,2,3,3]}],
        {"showlegend":true,"coloraxis2":{"reversescale":false,"colorscale":[["A","red"],["B","green"],["C","blue"]],"showscale":false},"xaxis":{"showgrid":true,"showticklabels":true,"tickvals":[1,2,3],"range":[0.5,3.5],"ticktext":["1","2","3"]},"coloraxis":{"reversescale":false,"showscale":false},"template":"simple_white","legend":{"tracegroupgap":0,"itemdoubleclick":false},"margin":{"l":50,"b":50,"r":50,"t":60},"yaxis":{"showgrid":true,"showticklabels":true,"tickvals":[1,2],"range":[0.5,2.5],"ticktext":["1","2"]}},
        {"editable":false,"responsive":true,"staticPlot":false,"scrollZoom":true},
    )
}

        
    </script>
</div>

</body>
</html>