<html>
<head><meta charset="utf-8" /></head>
<body>
<div>
    <script src="https://cdnjs.cloudflare.com/ajax/libs/mathjax/2.7.5/MathJax.js?config=TeX-AMS-MML_SVG"></script>
    <script type="text/javascript">
window.PlotlyConfig = {MathJaxConfig: 'local'};
</script>
<script src="https://cdn.plot.ly/plotly-2.3.0.min.js"></script>

    <div
        id=id-1
        class="plotly-graph-div"
        style="height:100%; width:100%;">
    </div>
    <script type="text/javascript">
        
        window.PLOTLYENV = window.PLOTLYENV || {}
        
        if (document.getElementById('id-1')) {
    Plotly.newPlot(
        'id-1',
        [{"coloraxis":"coloraxis","type":"heatmap","name":"","z":[[1.0,4.0],[2.0,5.0],[3.0,6.0]],"transpose":true}],
        {"coloraxis":{"reversescale":false,"showscale":false},"xaxis":{"showgrid":true,"showticklabels":false},"template":"simple_white","margin":{"l":50,"b":50,"r":50,"t":50},"yaxis":{"showgrid":true,"showticklabels":false}},
        {"editable":false,"responsive":true,"staticPlot":false,"scrollZoom":true},
    )
}

        
    </script>
</div>

</body>
</html>