<html>
<head><meta charset="utf-8" /></head>
<body>
<div>
    <script src="https://cdnjs.cloudflare.com/ajax/libs/mathjax/2.7.5/MathJax.js?config=TeX-AMS-MML_SVG"></script>
    <script type="text/javascript">
window.PlotlyConfig = {MathJaxConfig: 'local'};
</script>
<script src="https://cdn.plot.ly/plotly-2.3.0.min.js"></script>

    <div
        id=id-1
        class="plotly-graph-div"
        style="height:100%; width:100%;">
    </div>
    <script type="text/javascript">
        
        window.PLOTLYENV = window.PLOTLYENV || {}
        
        if (document.getElementById('id-1')) {
    Plotly.newPlot(
        'id-1',
        [{"coloraxis":"coloraxis2","xaxis":"x3","type":"heatmap","name":"","text":[["X","Y","Z"]],"z":[[3,2,1]],"yaxis":"y2","transpose":false},{"coloraxis":"coloraxis3","xaxis":"x2","type":"heatmap","name":"","text":[["A"],["B"]],"z":[[1,2]],"yaxis":"y3","transpose":true},{"coloraxis":"coloraxis","xaxis":"x3","type":"heatmap","name":"","yaxis":"y3","z":[[1.0,4.0],[2.0,5.0],[3.0,6.0]],"transpose":true}],
        {"coloraxis":{"reversescale":false,"showscale":false},"coloraxis2":{"reversescale":false,"showscale":false},"coloraxis3":{"reversescale":false,"colorscale":"Viridis","showscale":false},"xaxis2":{"tickangle":-90,"tickvals":[0],"domain":[0.0,0.05],"ticktext":["Bar"]},"template":"simple_white","yaxis3":{"showgrid":true,"showticklabels":false,"domain":[0.05,1.0]},"margin":{"l":50,"b":50,"r":50,"t":50},"title":"Graph","xaxis3":{"showgrid":true,"showticklabels":false,"domain":[0.05,1.0]},"yaxis2":{"tickvals":[0],"domain":[0.0,0.05],"ticktext":[""]}},
        {"editable":false,"responsive":true,"staticPlot":false,"scrollZoom":true},
    )
}

        
    </script>
</div>

</body>
</html>