<html>
<head><meta charset="utf-8" /></head>
<body>
<div>
    <script src="https://cdnjs.cloudflare.com/ajax/libs/mathjax/2.7.5/MathJax.js?config=TeX-AMS-MML_SVG"></script>
    <script type="text/javascript">
window.PlotlyConfig = {MathJaxConfig: 'local'};
</script>
<script src="https://cdn.plot.ly/plotly-2.3.0.min.js"></script>

    <div
        id=id-1
        class="plotly-graph-div"
        style="height:100%; width:100%;">
    </div>
    <script type="text/javascript">
        
        window.PLOTLYENV = window.PLOTLYENV || {}
        
        if (document.getElementById('id-1')) {
    Plotly.newPlot(
        'id-1',
        [{"mode":"lines","name":"Trace 1","legendgroup":"lines","line":{"width":4},"y":[-0.2,1.2,1.8],"type":"scatter","x":[0.0,1.0,2.0]},{"mode":"lines","name":"Trace 2","legendgroup":"lines","line":{"width":8},"y":[0.1,1.0,0.5,2.0],"type":"scatter","x":[0.25,0.5,1.5,2.5]}],
        {"showlegend":false,"xaxis":{"showgrid":true,"showticklabels":true,"range":[null,null]},"template":"simple_white","margin":{"l":50,"b":50,"r":50,"t":60},"yaxis":{"showgrid":true,"showticklabels":true,"range":[null,null]}},
        {"editable":false,"responsive":true,"staticPlot":false,"scrollZoom":true},
    )
}

        
    </script>
</div>

</body>
</html>