<html>
<head><meta charset="utf-8" /></head>
<body>
<div>
    <script src="https://cdnjs.cloudflare.com/ajax/libs/mathjax/2.7.5/MathJax.js?config=TeX-AMS-MML_SVG"></script>
    <script type="text/javascript">
window.PlotlyConfig = {MathJaxConfig: 'local'};
</script>
<script src="https://cdn.plot.ly/plotly-2.3.0.min.js"></script>

    <div
        id=id-1
        class="plotly-graph-div"
        style="height:100%; width:100%;">
    </div>
    <script type="text/javascript">
        
        window.PLOTLYENV = window.PLOTLYENV || {}
        
        if (document.getElementById('id-1')) {
    Plotly.newPlot(
        'id-1',
        [{"showlegend":false,
"mode":"lines",
"line":{"width":1},
"y":[0.0,1.2630344058337937,1.584962500721156],
"type":"scatter",
"name":"Trace 1",
"legendgroup":"lines1",
"x":[0.0,1.0,1.584962500721156]},
{"showlegend":false,
"mode":"lines",
"line":{"width":1},
"y":[0.3785116232537299,1.1375035237499351,0.765534746362977,1.6780719051126378],
"type":"scatter",
"name":"Trace 2",
"legendgroup":"lines2",
"x":[0.32192809488736235,0.5849625007211562,1.3219280948873624,1.8073549220576042]}],
        {"showlegend":false,
"xaxis":{"showgrid":true,
"showticklabels":true,
"zeroline":false,
"range":[-0.0903677461028802,1.8977226681604844],
"tickprefix":"<sub>2</sub>"},
"template":"simple_white",
"legend":{"tracegroupgap":0,
"itemdoubleclick":false},
"margin":{"l":50,
"b":50,
"r":50,
"t":50},
"yaxis":{"showgrid":true,
"showticklabels":true,
"zeroline":false,
"range":[-0.08390359525563189,1.7619755003682698],
"tickprefix":"<sub>2</sub>"}},
        {"editable":false,
"responsive":true,
"staticPlot":false,
"scrollZoom":true},
    )
}

        
    </script>
</div>

</body>
</html>