<html>
<head><meta charset="utf-8" /></head>
<body>
<div>
    <script src="https://cdnjs.cloudflare.com/ajax/libs/mathjax/2.7.5/MathJax.js?config=TeX-AMS-MML_SVG"></script>
    <script type="text/javascript">
window.PlotlyConfig = {MathJaxConfig: 'local'};
</script>
<script src="https://cdn.plot.ly/plotly-2.3.0.min.js"></script>

    <div
        id=id-1
        class="plotly-graph-div"
        style="height:100%; width:100%;">
    </div>
    <script type="text/javascript">
        
        window.PLOTLYENV = window.PLOTLYENV || {}
        
        if (document.getElementById('id-1')) {
    Plotly.newPlot(
        'id-1',
        [{"showlegend":false,
"mode":"lines",
"line":{"width":1},
"y":[100.0,240.0,300.0],
"type":"scatter",
"name":"Trace 1",
"legendgroup":"lines1",
"x":[100.0,200.0,300.0]},
{"showlegend":false,
"mode":"lines",
"line":{"width":1},
"y":[130.0,220.00000000000003,170.0,320.0],
"type":"scatter",
"name":"Trace 2",
"legendgroup":"lines2",
"x":[125.0,150.0,250.0,350.0]}],
        {"showlegend":false,
"xaxis":{"showgrid":true,
"showticklabels":true,
"zeroline":false,
"type":"log",
"range":[1.9727965977824862,2.5712714465677893],
"ticksuffix":"<sub>%</sub>"},
"template":"simple_white",
"legend":{"tracegroupgap":0,
"itemdoubleclick":false},
"margin":{"l":50,
"b":50,
"r":50,
"t":50},
"yaxis":{"showgrid":true,
"showticklabels":true,
"zeroline":false,
"type":"log",
"range":[1.9747425010840047,2.5304074772359018],
"ticksuffix":"<sub>%</sub>"}},
        {"editable":false,
"responsive":true,
"staticPlot":false,
"scrollZoom":true},
    )
}

        
    </script>
</div>

</body>
</html>