<html>
<head><meta charset="utf-8" /></head>
<body>
<div>
    <script src="https://cdnjs.cloudflare.com/ajax/libs/mathjax/2.7.5/MathJax.js?config=TeX-AMS-MML_SVG"></script>
    <script type="text/javascript">
window.PlotlyConfig = {MathJaxConfig: 'local'};
</script>
<script src="https://cdn.plot.ly/plotly-2.3.0.min.js"></script>

    <div
        id=id-1
        class="plotly-graph-div"
        style="height:100%; width:100%;">
    </div>
    <script type="text/javascript">
        
        window.PLOTLYENV = window.PLOTLYENV || {}
        
        if (document.getElementById('id-1')) {
    Plotly.newPlot(
        'id-1',
        [{"showlegend":false,
"mode":"lines",
"line":{"width":1},
"y":[1.0,2.4,3.0],
"type":"scatter",
"name":"",
"x":[0.0,1.0,1.584962500721156]}],
        {"showlegend":false,
"xaxis":{"showgrid":true,
"showticklabels":true,
"zeroline":false,
"range":[-0.0792481250360578,1.6642106257572138],
"tickprefix":"<sub>2</sub>"},
"template":"simple_white",
"legend":{"tracegroupgap":0,
"itemdoubleclick":false},
"margin":{"l":50,
"b":50,
"r":50,
"t":50},
"yaxis":{"showgrid":true,
"showticklabels":true,
"zeroline":false,
"type":"log",
"range":[-0.023856062735983133,0.5009773174556456]}},
        {"editable":false,
"responsive":true,
"staticPlot":false,
"scrollZoom":true},
    )
}

        
    </script>
</div>

</body>
</html>