<html>
<head><meta charset="utf-8" /></head>
<body>
<div>
    <script src="https://cdnjs.cloudflare.com/ajax/libs/mathjax/2.7.5/MathJax.js?config=TeX-AMS-MML_SVG"></script>
    <script type="text/javascript">
window.PlotlyConfig = {MathJaxConfig: 'local'};
</script>
<script src="https://cdn.plot.ly/plotly-2.3.0.min.js"></script>

    <div
        id=id-1
        class="plotly-graph-div"
        style="height:100%; width:100%;">
    </div>
    <script type="text/javascript">
        
        window.PLOTLYENV = window.PLOTLYENV || {}
        
        if (document.getElementById('id-1')) {
    Plotly.newPlot(
        'id-1',
        [{"showlegend":false,
"mode":"lines",
"line":{"width":1},
"y":[100.0,240.0,300.0],
"type":"scatter",
"name":"",
"x":[6.643856189774724,7.643856189774724,8.228818690495881]}],
        {"showlegend":false,
"xaxis":{"showgrid":true,
"showticklabels":true,
"zeroline":false,
"range":[6.564608064738667,8.308066815531939],
"tickprefix":"<sub>2</sub>",
"ticksuffix":"<sub>%</sub>"},
"template":"simple_white",
"legend":{"tracegroupgap":0,
"itemdoubleclick":false},
"margin":{"l":50,
"b":50,
"r":50,
"t":50},
"yaxis":{"showgrid":true,
"showticklabels":true,
"zeroline":false,
"type":"log",
"range":[1.9761439372640168,2.5009773174556456],
"ticksuffix":"<sub>%</sub>"}},
        {"editable":false,
"responsive":true,
"staticPlot":false,
"scrollZoom":true},
    )
}

        
    </script>
</div>

</body>
</html>