<html>
<head><meta charset="utf-8" /></head>
<body>
<div>
    <script src="https://cdnjs.cloudflare.com/ajax/libs/mathjax/2.7.5/MathJax.js?config=TeX-AMS-MML_SVG"></script>
    <script type="text/javascript">
window.PlotlyConfig = {MathJaxConfig: 'local'};
</script>
<script src="https://cdn.plot.ly/plotly-2.3.0.min.js"></script>

    <div
        id=id-1
        class="plotly-graph-div"
        style="height:100%; width:100%;">
    </div>
    <script type="text/javascript">
        
        window.PLOTLYENV = window.PLOTLYENV || {}
        
        if (document.getElementById('id-1')) {
    Plotly.newPlot(
        'id-1',
        [{"showlegend":false,
"mode":"lines",
"line":{"width":1},
"y":[6.643856189774724,7.906890595608519,8.228818690495881],
"type":"scatter",
"name":"Trace 1",
"legendgroup":"lines1",
"x":[6.643856189774724,7.643856189774724,8.228818690495881]},
{"showlegend":false,
"mode":"lines",
"line":{"width":1},
"y":[7.022367813028454,7.78135971352466,7.409390936137702,8.321928094887362],
"type":"scatter",
"name":"Trace 2",
"legendgroup":"lines2",
"x":[6.965784284662087,7.22881869049588,7.965784284662087,8.451211111832329]}],
        {"showlegend":false,
"xaxis":{"showgrid":true,
"showticklabels":true,
"zeroline":false,
"range":[6.553488443671844,8.541578857935209],
"tickprefix":"<sub>2</sub>",
"ticksuffix":"<sub>%</sub>"},
"template":"simple_white",
"legend":{"tracegroupgap":0,
"itemdoubleclick":false},
"margin":{"l":50,
"b":50,
"r":50,
"t":50},
"yaxis":{"showgrid":true,
"showticklabels":true,
"zeroline":false,
"range":[6.559952594519093,8.405831690142994],
"tickprefix":"<sub>2</sub>",
"ticksuffix":"<sub>%</sub>"}},
        {"editable":false,
"responsive":true,
"staticPlot":false,
"scrollZoom":true},
    )
}

        
    </script>
</div>

</body>
</html>