<html>
<head><meta charset="utf-8" /></head>
<body>
<div>
    <script src="https://cdnjs.cloudflare.com/ajax/libs/mathjax/2.7.5/MathJax.js?config=TeX-AMS-MML_SVG"></script>
    <script type="text/javascript">
window.PlotlyConfig = {MathJaxConfig: 'local'};
</script>
<script src="https://cdn.plot.ly/plotly-2.3.0.min.js"></script>

    <div
        id=id-1
        class="plotly-graph-div"
        style="height:100%; width:100%;">
    </div>
    <script type="text/javascript">
        
        window.PLOTLYENV = window.PLOTLYENV || {}
        
        if (document.getElementById('id-1')) {
    Plotly.newPlot(
        'id-1',
        [{"showlegend":false,
"mode":"none",
"fillcolor":"FF000080",
"y":[190.0,150.0,150.0,190.0],
"type":"scatter",
"name":"high",
"fill":"toself",
"legendgroup":"high",
"x":[-10.0,-10.0,210.0,210.0]},
{"showlegend":false,
"mode":"none",
"fillcolor":"00FF0080",
"y":[75.0,150.0,150.0,75.0],
"type":"scatter",
"name":"middle",
"fill":"toself",
"legendgroup":"middle",
"x":[-10.0,-10.0,210.0,210.0]},
{"showlegend":false,
"mode":"none",
"fillcolor":"0000FF80",
"y":[-30.0,75.0,75.0,-30.0],
"type":"scatter",
"name":"low",
"fill":"toself",
"legendgroup":"low",
"x":[-10.0,-10.0,210.0,210.0]},
{"showlegend":false,
"mode":"lines",
"line":{"width":1},
"y":[-20.0,120.0,180.0],
"type":"scatter",
"name":"",
"x":[0.0,100.0,200.0]},
{"showlegend":false,
"mode":"lines",
"line":{"color":"#ff0000",
"dash":"dash",
"width":1},
"y":[150.0,150.0],
"type":"scatter",
"name":"high",
"legendgroup":"high",
"x":[-10.0,210.0]},
{"showlegend":false,
"mode":"lines",
"line":{"color":"#0000ff",
"dash":"dash",
"width":1},
"y":[75.0,75.0],
"type":"scatter",
"name":"low",
"legendgroup":"low",
"x":[-10.0,210.0]}],
        {"showlegend":false,
"xaxis":{"showgrid":true,
"showticklabels":true,
"range":[-10.0,210.0],
"ticksuffix":"<sub>%</sub>"},
"template":"simple_white",
"legend":{"tracegroupgap":0,
"itemdoubleclick":false},
"margin":{"l":50,
"b":50,
"r":50,
"t":50},
"yaxis":{"showgrid":true,
"showticklabels":true,
"range":[-30.0,190.0],
"ticksuffix":"<sub>%</sub>"}},
        {"editable":false,
"responsive":true,
"staticPlot":false,
"scrollZoom":true},
    )
}

        
    </script>
</div>

</body>
</html>