<html>
<head><meta charset="utf-8" /></head>
<body>
<div>
    <script src="https://cdnjs.cloudflare.com/ajax/libs/mathjax/2.7.5/MathJax.js?config=TeX-AMS-MML_SVG"></script>
    <script type="text/javascript">
window.PlotlyConfig = {MathJaxConfig: 'local'};
</script>
<script src="https://cdn.plot.ly/plotly-2.3.0.min.js"></script>

    <div
        id=id-1
        class="plotly-graph-div"
        style="height:100%; width:100%;">
    </div>
    <script type="text/javascript">
        
        window.PLOTLYENV = window.PLOTLYENV || {}
        
        if (document.getElementById('id-1')) {
    Plotly.newPlot(
        'id-1',
        [{"showlegend":true,
"mode":"none",
"x":[2.625,1.5,1.5,2.625],
"fillcolor":"0000FF80",
"y":[-0.31000000000000005,-0.31000000000000005,2.11,2.11],
"type":"scatter",
"name":"Right",
"fill":"toself",
"legendgroup":"Right",
"legendgrouptitle":{"text":"Vertical"}},
{"showlegend":true,
"mode":"none",
"fillcolor":"FF000080",
"y":[-0.31000000000000005,-0.31000000000000005,2.11,2.11],
"type":"scatter",
"name":"Middle",
"fill":"toself",
"legendgroup":"Middle",
"x":[0.75,1.5,1.5,0.75]},
{"showlegend":true,
"mode":"none",
"fillcolor":"00800080",
"y":[-0.31000000000000005,-0.31000000000000005,2.11,2.11],
"type":"scatter",
"name":"Left",
"fill":"toself",
"legendgroup":"Left",
"x":[-0.125,0.75,0.75,-0.125]},
{"showlegend":false,
"mode":"lines",
"line":{"width":1},
"y":[-0.2,1.2,1.8],
"type":"scatter",
"name":"Trace 1",
"legendgroup":"lines1",
"x":[0.0,1.0,2.0]},
{"showlegend":false,
"mode":"lines",
"line":{"width":1},
"y":[0.1,1.0,0.5,2.0],
"type":"scatter",
"name":"Trace 2",
"legendgroup":"lines2",
"x":[0.25,0.5,1.5,2.5]}],
        {"showlegend":true,
"xaxis":{"showgrid":true,
"showticklabels":true,
"range":[-0.125,2.625]},
"template":"simple_white",
"legend":{"tracegroupgap":0,
"itemdoubleclick":false},
"margin":{"l":50,
"b":50,
"r":50,
"t":50},
"yaxis":{"showgrid":true,
"showticklabels":true,
"range":[-0.31000000000000005,2.11]}},
        {"editable":false,
"responsive":true,
"staticPlot":false,
"scrollZoom":true},
    )
}

        
    </script>
</div>

</body>
</html>