<html>
<head><meta charset="utf-8" /></head>
<body>
<div>
    <script src="https://cdnjs.cloudflare.com/ajax/libs/mathjax/2.7.5/MathJax.js?config=TeX-AMS-MML_SVG"></script>
    <script type="text/javascript">
window.PlotlyConfig = {MathJaxConfig: 'local'};
</script>
<script src="https://cdn.plot.ly/plotly-2.3.0.min.js"></script>

    <div
        id=id-1
        class="plotly-graph-div"
        style="height:100%; width:100%;">
    </div>
    <script type="text/javascript">
        
        window.PLOTLYENV = window.PLOTLYENV || {}
        
        if (document.getElementById('id-1')) {
    Plotly.newPlot(
        'id-1',
        [{"mode":"none","fillcolor":"#0000ff80","y":[-0.2,-0.2,1.8,1.8],"type":"scatter","name":"","fill":"toself","x":[0.0,0.75,0.75,0.0]},{"mode":"none","fillcolor":"ff000080","y":[-0.2,-0.2,1.8,1.8],"type":"scatter","name":"","fill":"toself","x":[2.0,1.5,1.5,2.0]},{"mode":"none","fillcolor":"#00ff0080","y":[-0.2,-0.2,1.8,1.8],"type":"scatter","name":"","fill":"toself","x":[0.75,1.5,1.5,0.75]},{"mode":"lines","line":{"color":null,"dash":null,"width":1.0},"y":[-0.2,1.2,1.8],"type":"scatter","name":"","fill":null,"x":[0.0,1.0,2.0]}],
        {"showlegend":false,"xaxis":{"showgrid":true,"showticklabels":true,"type":null,"title":null,"range":[null,null]},"template":"simple_white","margin":{"l":50,"b":50,"r":50,"t":60},"title":null,"yaxis":{"showgrid":true,"showticklabels":true,"type":null,"title":null,"range":[null,null]}},
        {"editable":false,"responsive":true,"staticPlot":false,"scrollZoom":true},
    )
}

        
    </script>
</div>

</body>
</html>