<html>
<head><meta charset="utf-8" /></head>
<body>
<div>
    <script src="https://cdnjs.cloudflare.com/ajax/libs/mathjax/2.7.5/MathJax.js?config=TeX-AMS-MML_SVG"></script>
    <script type="text/javascript">
window.PlotlyConfig = {MathJaxConfig: 'local'};
</script>
<script src="https://cdn.plot.ly/plotly-2.3.0.min.js"></script>

    <div
        id=id-1
        class="plotly-graph-div"
        style="height:100%; width:100%;">
    </div>
    <script type="text/javascript">
        
        window.PLOTLYENV = window.PLOTLYENV || {}
        
        if (document.getElementById('id-1')) {
    Plotly.newPlot(
        'id-1',
        [{"showlegend":false,"mode":"markers","name":"Trace","legendgroup":"points","legendgrouptitle":{"text":"Points"},"marker":{"color":[0.0,2.699837725867246,3.000434077479319],"coloraxis":"coloraxis","reversescale":false,"showscale":true},"y":[-0.2,1.2,1.8],"type":"scatter","x":[0.0,1.0,2.0]}],
        {"showlegend":false,"coloraxis2":{"reversescale":false,"showscale":false},"xaxis":{"showgrid":true,"showticklabels":true,"range":[-0.1,2.1]},"coloraxis":{"colorbar":{"tickvals":[0.0,0.30103,0.69897,1.0,1.30103,1.69897,2.0,2.30103,2.69897,3.0],"title":{"text":"Points"},"ticktext":["1e0","","","1e1","","","1e2","","","1e3"]},"reversescale":false,"showscale":true},"template":"simple_white","margin":{"l":50,"b":50,"r":50,"t":60},"yaxis":{"showgrid":true,"showticklabels":true,"range":[-0.30000000000000004,1.9000000000000001]}},
        {"editable":false,"responsive":true,"staticPlot":false,"scrollZoom":true},
    )
}

        
    </script>
</div>

</body>
</html>