<html>
<head><meta charset="utf-8" /></head>
<body>
<div>
    <script src="https://cdnjs.cloudflare.com/ajax/libs/mathjax/2.7.5/MathJax.js?config=TeX-AMS-MML_SVG"></script>
    <script type="text/javascript">
window.PlotlyConfig = {MathJaxConfig: 'local'};
</script>
<script src="https://cdn.plot.ly/plotly-2.3.0.min.js"></script>

    <div
        id=id-1
        class="plotly-graph-div"
        style="height:100%; width:100%;">
    </div>
    <script type="text/javascript">
        
        window.PLOTLYENV = window.PLOTLYENV || {}
        
        if (document.getElementById('id-1')) {
    Plotly.newPlot(
        'id-1',
        [{"showlegend":false,"mode":"markers","x":[1.0,11.0,21.0],"y":[1.0,15.0,21.0],"type":"scatter","name":"","text":null,"hovertemplate":null,"marker":{"color":null,"coloraxis":"coloraxis","reversescale":false,"size":null,"colorscale":null,"showscale":false}},{"showlegend":false,"mode":"lines","line":{"color":"black","dash":"dash","width":1.0},"y":[1.0,10.5],"type":"scatter","x":[2.0,21.0]},{"showlegend":false,"mode":"lines","line":{"color":"black","dash":null,"width":1.0},"y":[1.0,21.0],"type":"scatter","x":[1.0,21.0]},{"showlegend":false,"mode":"lines","line":{"color":"black","dash":"dash","width":1.0},"y":[2.0,21.0],"type":"scatter","x":[1.0,10.5]}],
        {"showlegend":false,"coloraxis2":{"colorbar":{"x":null},"cmin":null,"reversescale":false,"colorscale":null,"cmax":null,"showscale":false},"xaxis":{"showgrid":true,"showticklabels":true,"type":"log","title":null,"range":[null,null]},"coloraxis":{"cmin":null,"reversescale":false,"colorscale":null,"cmax":null,"showscale":false},"template":"simple_white","legend":{"x":null},"margin":{"l":50,"b":50,"r":50,"t":60},"title":null,"yaxis":{"showgrid":true,"showticklabels":true,"type":"log","title":null,"range":[null,null]}},
        {"editable":false,"responsive":true,"staticPlot":false,"scrollZoom":true},
    )
}

        
    </script>
</div>

</body>
</html>