<html>
<head><meta charset="utf-8" /></head>
<body>
<div>
    <script src="https://cdnjs.cloudflare.com/ajax/libs/mathjax/2.7.5/MathJax.js?config=TeX-AMS-MML_SVG"></script>
    <script type="text/javascript">
window.PlotlyConfig = {MathJaxConfig: 'local'};
</script>
<script src="https://cdn.plot.ly/plotly-2.3.0.min.js"></script>

    <div
        id=id-1
        class="plotly-graph-div"
        style="height:100%; width:100%;">
    </div>
    <script type="text/javascript">
        
        window.PLOTLYENV = window.PLOTLYENV || {}
        
        if (document.getElementById('id-1')) {
    Plotly.newPlot(
        'id-1',
        [{"showlegend":false,"mode":"none","x":[-0.30000000000000004,1.5,-0.30000000000000004],"y":[0.29999999999999993,2.1,2.1],"type":"scatter","name":"higher","fill":"toself","legendgroup":"higher"},{"showlegend":false,"mode":"none","x":[-0.30000000000000004,-5.551115123125783e-17,2.1,2.1,1.5,-0.30000000000000004],"y":[-0.30000000000000004,-0.30000000000000004,1.8,2.1,2.1,0.29999999999999993],"type":"scatter","name":"comparable","fill":"toself","legendgroup":"comparable"},{"showlegend":false,"mode":"none","x":[-5.551115123125783e-17,2.1,2.1],"y":[-0.30000000000000004,1.8,-0.30000000000000004],"type":"scatter","name":"lower","fill":"toself","legendgroup":"lower"},{"showlegend":false,"mode":"markers","name":"","legendgroup":"points ","marker":{"coloraxis":"coloraxis","reversescale":false,"showscale":false},"y":[-0.2,1.2,1.8],"type":"scatter","x":[0.0,1.0,2.0]},{"showlegend":false,"mode":"lines","line":{"color":"black","dash":"dash","width":1.0},"x":[-0.30000000000000004,1.5],"y":[0.29999999999999993,2.1],"type":"scatter","name":"high","legendgroup":"high"},{"showlegend":false,"mode":"lines","line":{"color":"black","dash":"dash","width":1.0},"x":[-5.551115123125783e-17,2.1],"y":[-0.30000000000000004,1.8],"type":"scatter","name":"low","legendgroup":"low"}],
        {"showlegend":false,"coloraxis2":{"reversescale":false,"showscale":false},"xaxis":{"showgrid":true,"showticklabels":true,"range":[-0.1,2.1]},"coloraxis":{"reversescale":false,"showscale":false},"template":"simple_white","legend":{"tracegroupgap":0,"itemdoubleclick":false},"margin":{"l":50,"b":50,"r":50,"t":60},"yaxis":{"showgrid":true,"showticklabels":true,"range":[-0.30000000000000004,1.9000000000000001]}},
        {"editable":false,"responsive":true,"staticPlot":false,"scrollZoom":true},
    )
}

        
    </script>
</div>

</body>
</html>