<html>
<head><meta charset="utf-8" /></head>
<body>
<div>
    <script src="https://cdnjs.cloudflare.com/ajax/libs/mathjax/2.7.5/MathJax.js?config=TeX-AMS-MML_SVG"></script>
    <script type="text/javascript">
window.PlotlyConfig = {MathJaxConfig: 'local'};
</script>
<script src="https://cdn.plot.ly/plotly-2.3.0.min.js"></script>

    <div
        id=id-1
        class="plotly-graph-div"
        style="height:100%; width:100%;">
    </div>
    <script type="text/javascript">
        
        window.PLOTLYENV = window.PLOTLYENV || {}
        
        if (document.getElementById('id-1')) {
    Plotly.newPlot(
        'id-1',
        [{"showlegend":false,
"mode":"none",
"fillcolor":"FF000080",
"y":[0.8587940666497392,24.45289367440971,24.45289367440971,18.339670255807285,0.8587940666497392],
"type":"scatter",
"name":"higher",
"fill":"toself",
"legendgroup":"higher",
"x":[0.8587940666497392,0.8587940666497392,24.45289367440971,24.45289367440971,1.1450587555329856]},
{"showlegend":false,
"mode":"none",
"fillcolor":"00FF0080",
"y":[0.8587940666497392,0.8587940666497392,6.113223418602428,18.339670255807285],
"type":"scatter",
"name":"comparable",
"fill":"toself",
"legendgroup":"comparable",
"x":[1.1450587555329856,3.435176266598957,24.45289367440971,24.45289367440971]},
{"showlegend":false,
"mode":"none",
"fillcolor":"0000FF80",
"y":[0.8587940666497392,6.113223418602428,0.8587940666497392],
"type":"scatter",
"name":"lower",
"fill":"toself",
"legendgroup":"lower",
"x":[3.435176266598957,24.45289367440971,24.45289367440971]},
{"showlegend":false,
"mode":"markers",
"marker":{"coloraxis":"coloraxis",
"reversescale":false,
"showscale":false},
"y":[1.0,15.0,21.0],
"type":"scatter",
"name":"",
"legendgroup":"points ",
"x":[1.0,11.0,21.0]}],
        {"showlegend":false,
"coloraxis2":{"reversescale":false,
"showscale":false},
"xaxis":{"showgrid":true,
"showticklabels":true,
"zeroline":false,
"type":"log",
"range":[-0.06611096473669598,1.3883302594706153]},
"coloraxis":{"reversescale":false,
"showscale":false},
"template":"simple_white",
"legend":{"tracegroupgap":0,
"itemdoubleclick":false},
"margin":{"l":50,
"b":50,
"r":50,
"t":50},
"yaxis":{"showgrid":true,
"showticklabels":true,
"zeroline":false,
"type":"log",
"range":[-0.06611096473669598,1.3883302594706153]}},
        {"editable":false,
"responsive":true,
"staticPlot":false,
"scrollZoom":true},
    )
}

        
    </script>
</div>

</body>
</html>