<html>
<head><meta charset="utf-8" /></head>
<body>
<div>
    <script src="https://cdnjs.cloudflare.com/ajax/libs/mathjax/2.7.5/MathJax.js?config=TeX-AMS-MML_SVG"></script>
    <script type="text/javascript">
window.PlotlyConfig = {MathJaxConfig: 'local'};
</script>
<script src="https://cdn.plot.ly/plotly-2.3.0.min.js"></script>

    <div
        id=id-1
        class="plotly-graph-div"
        style="height:100%; width:100%;">
    </div>
    <script type="text/javascript">
        
        window.PLOTLYENV = window.PLOTLYENV || {}
        
        if (document.getElementById('id-1')) {
    Plotly.newPlot(
        'id-1',
        [{"showlegend":false,"mode":"markers","name":"Foo","legendgroup":"points","marker":{"color":"red","reversescale":false,"showscale":false},"y":[-0.2],"type":"scatter","x":[0.0]},{"showlegend":false,"mode":"markers","name":"Bar","legendgroup":"points","marker":{"color":"green","reversescale":false,"showscale":false},"y":[1.2],"type":"scatter","x":[1.0]},{"showlegend":false,"mode":"markers","name":"Baz","legendgroup":"points","marker":{"color":"blue","reversescale":false,"showscale":false},"y":[1.8],"type":"scatter","x":[2.0]}],
        {"showlegend":false,"coloraxis2":{"reversescale":false,"showscale":false},"xaxis":{"showgrid":true,"showticklabels":true,"range":[null,null]},"coloraxis":{"reversescale":false,"colorscale":[["Foo","red"],["Bar","green"],["Baz","blue"],["Vaz","magenta"]],"showscale":false},"template":"simple_white","margin":{"l":50,"b":50,"r":50,"t":60},"yaxis":{"showgrid":true,"showticklabels":true,"range":[null,null]}},
        {"editable":false,"responsive":true,"staticPlot":false,"scrollZoom":true},
    )
}

        
    </script>
</div>

</body>
</html>