<html>
<head><meta charset="utf-8" /></head>
<body>
<div>
    <script src="https://cdnjs.cloudflare.com/ajax/libs/mathjax/2.7.5/MathJax.js?config=TeX-AMS-MML_SVG"></script>
    <script type="text/javascript">
window.PlotlyConfig = {MathJaxConfig: 'local'};
</script>
<script src="https://cdn.plot.ly/plotly-2.3.0.min.js"></script>

    <div
        id=id-1
        class="plotly-graph-div"
        style="height:100%; width:100%;">
    </div>
    <script type="text/javascript">
        
        window.PLOTLYENV = window.PLOTLYENV || {}
        
        if (document.getElementById('id-1')) {
    Plotly.newPlot(
        'id-1',
        [{"showlegend":false,
"mode":"markers",
"marker":{"coloraxis":"coloraxis",
"reversescale":false,
"showscale":false},
"y":[0.0,3.9068905956085187,4.392317422778761],
"type":"scatter",
"name":"",
"legendgroup":"points ",
"x":[0.0,3.4594316186372973,4.392317422778761]}],
        {"showlegend":false,
"coloraxis2":{"reversescale":false,
"showscale":false},
"xaxis":{"showgrid":true,
"showticklabels":true,
"zeroline":false,
"range":[-0.21961587113893805,4.611933293917699],
"tickprefix":"<sub>2</sub>"},
"coloraxis":{"reversescale":false,
"showscale":false},
"template":"simple_white",
"legend":{"tracegroupgap":0,
"itemdoubleclick":false},
"margin":{"l":50,
"b":50,
"r":50,
"t":50},
"yaxis":{"showgrid":true,
"showticklabels":true,
"zeroline":false,
"range":[-0.21961587113893805,4.611933293917699],
"tickprefix":"<sub>2</sub>"}},
        {"editable":false,
"responsive":true,
"staticPlot":false,
"scrollZoom":true},
    )
}

        
    </script>
</div>

</body>
</html>