<html>
<head><meta charset="utf-8" /></head>
<body>
<div>
    <script src="https://cdnjs.cloudflare.com/ajax/libs/mathjax/2.7.5/MathJax.js?config=TeX-AMS-MML_SVG"></script>
    <script type="text/javascript">
window.PlotlyConfig = {MathJaxConfig: 'local'};
</script>
<script src="https://cdn.plot.ly/plotly-2.3.0.min.js"></script>

    <div
        id=id-1
        class="plotly-graph-div"
        style="height:100%; width:100%;">
    </div>
    <script type="text/javascript">
        
        window.PLOTLYENV = window.PLOTLYENV || {}
        
        if (document.getElementById('id-1')) {
    Plotly.newPlot(
        'id-1',
        [{"showlegend":false,"mode":"markers","name":"Trace","legendgroup":"points","legendgrouptitle":{"text":"Points"},"marker":{"color":[0.8450980400142568,1.7075701760979363,2.0043213737826426],"coloraxis":"coloraxis","reversescale":false,"showscale":true},"y":[-0.2,1.2,1.8],"type":"scatter","x":[0.0,1.0,2.0]}],
        {"showlegend":false,"coloraxis2":{"reversescale":false,"showscale":false},"xaxis":{"showgrid":true,"showticklabels":true,"range":[null,null]},"coloraxis":{"colorbar":{"tickvals":[1.0,1.30103,1.69897,2.0],"title":{"text":"Points"},"ticktext":["1e1","2e1","5e1","1e2"]},"reversescale":false,"showscale":true},"template":"simple_white","margin":{"l":50,"b":50,"r":50,"t":60},"yaxis":{"showgrid":true,"showticklabels":true,"range":[null,null]}},
        {"editable":false,"responsive":true,"staticPlot":false,"scrollZoom":true},
    )
}

        
    </script>
</div>

</body>
</html>