<html>
<head><meta charset="utf-8" /></head>
<body>
<div>
    <script src="https://cdnjs.cloudflare.com/ajax/libs/mathjax/2.7.5/MathJax.js?config=TeX-AMS-MML_SVG"></script>
    <script type="text/javascript">
window.PlotlyConfig = {MathJaxConfig: 'local'};
</script>
<script src="https://cdn.plot.ly/plotly-2.3.0.min.js"></script>

    <div
        id=id-1
        class="plotly-graph-div"
        style="height:100%; width:100%;">
    </div>
    <script type="text/javascript">
        
        window.PLOTLYENV = window.PLOTLYENV || {}
        
        if (document.getElementById('id-1')) {
    Plotly.newPlot(
        'id-1',
        [{"showlegend":true,"mode":"markers","x":[0.0],"y":[-0.2],"type":"scatter","name":"Foo","text":null,"hovertemplate":null,"marker":{"color":"red","coloraxis":null,"reversescale":false,"size":null,"colorscale":null,"showscale":false}},{"showlegend":true,"mode":"markers","x":[1.0],"y":[1.2],"type":"scatter","name":"Bar","text":null,"hovertemplate":null,"marker":{"color":"green","coloraxis":null,"reversescale":false,"size":null,"colorscale":null,"showscale":false}},{"showlegend":true,"mode":"markers","x":[2.0],"y":[1.8],"type":"scatter","name":"Baz","text":null,"hovertemplate":null,"marker":{"color":"blue","coloraxis":null,"reversescale":false,"size":null,"colorscale":null,"showscale":false}}],
        {"showlegend":true,"coloraxis2":{"colorbar":{"x":null},"cmin":null,"reversescale":false,"colorscale":null,"cmax":null,"showscale":false},"xaxis":{"showgrid":true,"showticklabels":true,"type":null,"title":null,"range":[null,null]},"coloraxis":{"cmin":null,"reversescale":false,"colorscale":[["Foo","red"],["Bar","green"],["Baz","blue"],["Vaz","magenta"]],"cmax":null,"showscale":false},"template":"simple_white","legend":{"x":null},"margin":{"l":50,"b":50,"r":50,"t":60},"title":null,"yaxis":{"showgrid":true,"showticklabels":true,"type":null,"title":null,"range":[null,null]}},
        {"editable":false,"responsive":true,"staticPlot":false,"scrollZoom":true},
    )
}

        
    </script>
</div>

</body>
</html>