<html>
<head><meta charset="utf-8" /></head>
<body>
<div>
    <script src="https://cdnjs.cloudflare.com/ajax/libs/mathjax/2.7.5/MathJax.js?config=TeX-AMS-MML_SVG"></script>
    <script type="text/javascript">
window.PlotlyConfig = {MathJaxConfig: 'local'};
</script>
<script src="https://cdn.plot.ly/plotly-2.3.0.min.js"></script>

    <div
        id=id-1
        class="plotly-graph-div"
        style="height:100%; width:100%;">
    </div>
    <script type="text/javascript">
        
        window.PLOTLYENV = window.PLOTLYENV || {}
        
        if (document.getElementById('id-1')) {
    Plotly.newPlot(
        'id-1',
        [{"showlegend":false,
"mode":"none",
"fillcolor":"FF000080",
"y":[85.87940666497393,2445.2893674409725,2445.2893674409725,1833.9670255807293,85.87940666497393],
"type":"scatter",
"name":"higher",
"fill":"toself",
"legendgroup":"higher",
"x":[85.87940666497393,85.87940666497393,2445.2893674409725,2445.2893674409725,114.50587555329857]},
{"showlegend":false,
"mode":"none",
"fillcolor":"00FF0080",
"y":[85.87940666497393,85.87940666497393,611.3223418602431,1833.9670255807293],
"type":"scatter",
"name":"comparable",
"fill":"toself",
"legendgroup":"comparable",
"x":[114.50587555329857,343.5176266598957,2445.2893674409725,2445.2893674409725]},
{"showlegend":false,
"mode":"none",
"fillcolor":"0000FF80",
"y":[85.87940666497393,611.3223418602431,85.87940666497393],
"type":"scatter",
"name":"lower",
"fill":"toself",
"legendgroup":"lower",
"x":[343.5176266598957,2445.2893674409725,2445.2893674409725]},
{"showlegend":false,
"mode":"markers",
"marker":{"coloraxis":"coloraxis",
"reversescale":false,
"showscale":false},
"y":[100.0,1500.0,2100.0],
"type":"scatter",
"name":"",
"legendgroup":"points ",
"x":[100.0,1100.0,2100.0]}],
        {"showlegend":false,
"coloraxis2":{"reversescale":false,
"showscale":false},
"xaxis":{"showgrid":true,
"showticklabels":true,
"zeroline":false,
"type":"log",
"range":[1.933889035263304,3.3883302594706155],
"ticksuffix":"<sub>%</sub>"},
"coloraxis":{"reversescale":false,
"showscale":false},
"template":"simple_white",
"legend":{"tracegroupgap":0,
"itemdoubleclick":false},
"margin":{"l":50,
"b":50,
"r":50,
"t":50},
"yaxis":{"showgrid":true,
"showticklabels":true,
"zeroline":false,
"type":"log",
"range":[1.933889035263304,3.3883302594706155],
"ticksuffix":"<sub>%</sub>"}},
        {"editable":false,
"responsive":true,
"staticPlot":false,
"scrollZoom":true},
    )
}

        
    </script>
</div>

</body>
</html>