<html>
<head><meta charset="utf-8" /></head>
<body>
<div>
    <script src="https://cdnjs.cloudflare.com/ajax/libs/mathjax/2.7.5/MathJax.js?config=TeX-AMS-MML_SVG"></script>
    <script type="text/javascript">
window.PlotlyConfig = {MathJaxConfig: 'local'};
</script>
<script src="https://cdn.plot.ly/plotly-2.3.0.min.js"></script>

    <div
        id=id-1
        class="plotly-graph-div"
        style="height:100%; width:100%;">
    </div>
    <script type="text/javascript">
        
        window.PLOTLYENV = window.PLOTLYENV || {}
        
        if (document.getElementById('id-1')) {
    Plotly.newPlot(
        'id-1',
        [{"showlegend":false,"mode":"markers","name":"","text":null,"legendgroup":"points","legendgrouptitle":{"text":null},"marker":{"color":[0.0,1.0,2.0],"coloraxis":"coloraxis","reversescale":false,"size":null,"colorscale":null,"showscale":false},"y":[-0.2,1.2,1.8],"type":"scatter","hovertemplate":null,"x":[0.0,1.0,2.0]}],
        {"showlegend":false,"coloraxis2":{"colorbar":{"title":{"text":null},"x":null},"cmin":null,"reversescale":false,"colorscale":null,"cmax":null,"showscale":false},"xaxis":{"showgrid":true,"showticklabels":true,"type":null,"title":null,"range":[null,null]},"coloraxis":{"colorbar":{"title":{"text":null}},"cmin":null,"reversescale":false,"colorscale":null,"cmax":null,"showscale":false},"template":"simple_white","legend":{"x":null},"margin":{"l":50,"b":50,"r":50,"t":60},"title":null,"yaxis":{"showgrid":true,"showticklabels":true,"type":null,"title":null,"range":[null,null]}},
        {"editable":false,"responsive":true,"staticPlot":false,"scrollZoom":true},
    )
}

        
    </script>
</div>

</body>
</html>