<html>
<head><meta charset="utf-8" /></head>
<body>
<div>
    <script src="https://cdnjs.cloudflare.com/ajax/libs/mathjax/2.7.5/MathJax.js?config=TeX-AMS-MML_SVG"></script>
    <script type="text/javascript">
window.PlotlyConfig = {MathJaxConfig: 'local'};
</script>
<script src="https://cdn.plot.ly/plotly-2.3.0.min.js"></script>

    <div
        id=id-1
        class="plotly-graph-div"
        style="height:100%; width:100%;">
    </div>
    <script type="text/javascript">
        
        window.PLOTLYENV = window.PLOTLYENV || {}
        
        if (document.getElementById('id-1')) {
    Plotly.newPlot(
        'id-1',
        [{"showlegend":false,
"mode":"markers",
"marker":{"coloraxis":"coloraxis",
"reversescale":false,
"showscale":false},
"y":[6.643856189774724,10.550746785383243,11.036173612553485],
"type":"scatter",
"name":"",
"legendgroup":"points ",
"x":[6.643856189774724,10.103287808412022,11.036173612553485]},
{"showlegend":false,
"mode":"lines",
"line":{"color":"black",
"dash":"dash",
"width":1},
"y":[8.424240318635785,11.255789483692423],
"type":"scatter",
"name":"high",
"legendgroup":"high",
"x":[6.424240318635786,9.255789483692423]},
{"showlegend":false,
"mode":"lines",
"line":{"color":"black",
"width":1},
"y":[7.424240318635786,11.255789483692423],
"type":"scatter",
"name":"middle",
"legendgroup":"middle",
"x":[6.424240318635786,10.255789483692423]},
{"showlegend":false,
"mode":"lines",
"line":{"color":"black",
"dash":"dash",
"width":1},
"y":[6.924240318635786,11.255789483692423],
"type":"scatter",
"name":"low",
"legendgroup":"low",
"x":[6.424240318635786,10.755789483692423]}],
        {"showlegend":false,
"coloraxis2":{"reversescale":false,
"showscale":false},
"xaxis":{"showgrid":true,
"showticklabels":true,
"zeroline":false,
"range":[6.424240318635786,11.255789483692423],
"tickprefix":"<sub>2</sub>",
"ticksuffix":"<sub>%</sub>"},
"coloraxis":{"reversescale":false,
"showscale":false},
"template":"simple_white",
"legend":{"tracegroupgap":0,
"itemdoubleclick":false},
"margin":{"l":50,
"b":50,
"r":50,
"t":50},
"yaxis":{"showgrid":true,
"showticklabels":true,
"zeroline":false,
"range":[6.424240318635786,11.255789483692423],
"tickprefix":"<sub>2</sub>",
"ticksuffix":"<sub>%</sub>"}},
        {"editable":false,
"responsive":true,
"staticPlot":false,
"scrollZoom":true},
    )
}

        
    </script>
</div>

</body>
</html>